\BOOKMARK [0][-]{Doc-Start}{\376\377\000\315\000n\000d\000i\000c\000e\000\040\000G\000e\000n\000e\000r\000a\000l}{}% 1
\BOOKMARK [0][-]{chapter*.1}{\376\377\000L\000i\000s\000t\000a\000\040\000d\000e\000\040\000F\000i\000g\000u\000r\000a\000s}{}% 2
\BOOKMARK [0][-]{chapter*.2}{\376\377\000L\000i\000s\000t\000a\000\040\000d\000e\000\040\000T\000a\000b\000l\000a\000s}{}% 3
\BOOKMARK [0][-]{chapter.1}{\376\377\0001\000\040\000I\000n\000t\000r\000o\000d\000u\000c\000c\000i\000\363\000n}{}% 4
\BOOKMARK [1][-]{section.1.1}{\376\377\0001\000.\0001\000\040\000O\000b\000j\000e\000t\000i\000v\000o\000s}{chapter.1}% 5
\BOOKMARK [1][-]{section.1.2}{\376\377\0001\000.\0002\000\040\000A\000l\000c\000a\000n\000c\000e\000\040\000y\000\040\000l\000i\000m\000i\000t\000a\000c\000i\000o\000n\000e\000s\000\040\000d\000e\000l\000\040\000m\000o\000d\000e\000l\000o}{chapter.1}% 6
\BOOKMARK [0][-]{chapter.2}{\376\377\0002\000\040\000D\000e\000f\000i\000n\000i\000c\000i\000\363\000n\000\040\000d\000e\000l\000\040\000p\000r\000o\000b\000l\000e\000m\000a}{}% 7
\BOOKMARK [1][-]{section.2.1}{\376\377\0002\000.\0001\000\040\000C\000o\000n\000t\000e\000x\000t\000o\000\040\000d\000e\000l\000\040\000n\000e\000g\000o\000c\000i\000o}{chapter.2}% 8
\BOOKMARK [1][-]{section.2.2}{\376\377\0002\000.\0002\000\040\000E\000l\000\040\000p\000r\000o\000b\000l\000e\000m\000a}{chapter.2}% 9
\BOOKMARK [1][-]{section.2.3}{\376\377\0002\000.\0003\000\040\000R\000e\000s\000t\000r\000i\000c\000c\000i\000o\000n\000e\000s\000\040\000d\000e\000l\000\040\000e\000n\000t\000o\000r\000n\000o\000\040\000o\000p\000e\000r\000a\000t\000i\000v\000o}{chapter.2}% 10
\BOOKMARK [1][-]{section.2.4}{\376\377\0002\000.\0004\000\040\000F\000o\000r\000m\000u\000l\000a\000c\000i\000\363\000n\000\040\000d\000e\000l\000\040\000p\000r\000o\000b\000l\000e\000m\000a}{chapter.2}% 11
\BOOKMARK [0][-]{chapter.3}{\376\377\0003\000\040\000D\000e\000s\000c\000r\000i\000p\000c\000i\000\363\000n\000\040\000g\000e\000n\000e\000r\000a\000l}{}% 12
\BOOKMARK [1][-]{section.3.1}{\376\377\0003\000.\0001\000\040\000E\000l\000\040\000s\000i\000s\000t\000e\000m\000a}{chapter.3}% 13
\BOOKMARK [1][-]{section.3.2}{\376\377\0003\000.\0002\000\040\000A\000r\000q\000u\000i\000t\000e\000c\000t\000u\000r\000a\000\040\000g\000e\000n\000e\000r\000a\000l}{chapter.3}% 14
\BOOKMARK [1][-]{section.3.3}{\376\377\0003\000.\0003\000\040\000M\000\363\000d\000u\000l\000o\000s\000\040\000f\000u\000n\000c\000i\000o\000n\000a\000l\000e\000s}{chapter.3}% 15
\BOOKMARK [1][-]{section.3.4}{\376\377\0003\000.\0004\000\040\000M\000o\000d\000a\000l\000i\000d\000a\000d\000e\000s\000\040\000d\000e\000\040\000i\000n\000g\000r\000e\000s\000o\000\040\000d\000e\000\040\000l\000a\000\040\000i\000n\000f\000o\000r\000m\000a\000c\000i\000\363\000n\000\040\000d\000e\000\040\000c\000a\000r\000g\000a}{chapter.3}% 16
\BOOKMARK [1][-]{section.3.5}{\376\377\0003\000.\0005\000\040\000E\000l\000\040\000f\000l\000u\000j\000o\000\040\000o\000p\000e\000r\000a\000t\000i\000v\000o\000\040\000\050\000c\000o\000r\000e\000\040\000d\000e\000l\000\040\000s\000i\000s\000t\000e\000m\000a\000\051}{chapter.3}% 17
\BOOKMARK [1][-]{section.3.6}{\376\377\0003\000.\0006\000\040\000S\000o\000l\000u\000c\000i\000o\000n\000e\000s\000\040\000t\000\351\000c\000n\000i\000c\000a\000s\000\040\000a\000l\000\040\000e\000n\000t\000o\000r\000n\000o\000\040\000a\000d\000v\000e\000r\000s\000o}{chapter.3}% 18
\BOOKMARK [1][-]{section.3.7}{\376\377\0003\000.\0007\000\040\000V\000a\000l\000o\000r\000\040\000p\000a\000r\000a\000\040\000e\000l\000\040\000n\000e\000g\000o\000c\000i\000o}{chapter.3}% 19
\BOOKMARK [0][-]{chapter.4}{\376\377\0004\000\040\000C\000l\000i\000e\000n\000t\000e\000s\000\040\000y\000\040\000u\000s\000u\000a\000r\000i\000o\000s}{}% 20
\BOOKMARK [1][-]{section.4.1}{\376\377\0004\000.\0001\000\040\000C\000l\000i\000e\000n\000t\000e\000\040\000d\000e\000l\000\040\000s\000i\000s\000t\000e\000m\000a}{chapter.4}% 21
\BOOKMARK [1][-]{section.4.2}{\376\377\0004\000.\0002\000\040\000U\000s\000u\000a\000r\000i\000o\000s\000\040\000y\000\040\000a\000c\000t\000o\000r\000e\000s\000\040\000d\000e\000l\000\040\000s\000i\000s\000t\000e\000m\000a}{chapter.4}% 22
\BOOKMARK [1][-]{section.4.3}{\376\377\0004\000.\0003\000\040\000M\000a\000t\000r\000i\000z\000\040\000d\000e\000\040\000u\000s\000u\000a\000r\000i\000o\000\040\000\327\000\040\000m\000\363\000d\000u\000l\000o}{chapter.4}% 23
\BOOKMARK [0][-]{chapter.5}{\376\377\0005\000\040\000F\000u\000n\000c\000i\000o\000n\000e\000s\000\040\000d\000e\000l\000\040\000s\000i\000s\000t\000e\000m\000a\000\040\000\050\000a\000l\000t\000o\000\040\000n\000i\000v\000e\000l\000\051}{}% 24
\BOOKMARK [1][-]{section.5.1}{\376\377\0005\000.\0001\000\040\000F\000u\000n\000c\000i\000o\000n\000e\000s\000\040\000b\000\341\000s\000i\000c\000a\000s}{chapter.5}% 25
\BOOKMARK [1][-]{section.5.2}{\376\377\0005\000.\0002\000\040\000A\000t\000r\000i\000b\000u\000t\000o\000s\000\040\000d\000e\000l\000\040\000s\000i\000s\000t\000e\000m\000a}{chapter.5}% 26
\BOOKMARK [0][-]{chapter.6}{\376\377\0006\000\040\000D\000i\000a\000g\000r\000a\000m\000a\000\040\000d\000e\000\040\000C\000a\000s\000o\000s\000\040\000d\000e\000\040\000U\000s\000o}{}% 27
\BOOKMARK [1][-]{section.6.1}{\376\377\0006\000.\0001\000\040\000D\000i\000a\000g\000r\000a\000m\000a\000\040\000g\000r\000\341\000f\000i\000c\000o\000\040\000d\000e\000\040\000a\000l\000t\000o\000\040\000n\000i\000v\000e\000l}{chapter.6}% 28
\BOOKMARK [1][-]{section.6.2}{\376\377\0006\000.\0002\000\040\000D\000i\000a\000g\000r\000a\000m\000a\000\040\000g\000r\000\341\000f\000i\000c\000o\000\040\000e\000x\000p\000a\000n\000d\000i\000d\000o\000:\000\040\000s\000u\000b\000s\000i\000s\000t\000e\000m\000a\000\040\000d\000e\000\040\000e\000j\000e\000c\000u\000c\000i\000\363\000n\000\040\000e\000n\000\040\000t\000e\000r\000r\000e\000n\000o}{chapter.6}% 29
\BOOKMARK [1][-]{section.6.3}{\376\377\0006\000.\0003\000\040\000C\000a\000s\000o\000s\000\040\000d\000e\000\040\000u\000s\000o\000\040\000d\000e\000\040\000a\000l\000t\000o\000\040\000n\000i\000v\000e\000l\000\040\000\050\000n\000a\000r\000r\000a\000t\000i\000v\000o\000s\000\051}{chapter.6}% 30
\BOOKMARK [1][-]{section.6.4}{\376\377\0006\000.\0004\000\040\000C\000a\000s\000o\000s\000\040\000d\000e\000\040\000u\000s\000o\000\040\000e\000x\000p\000a\000n\000d\000i\000d\000o\000s}{chapter.6}% 31
\BOOKMARK [2][-]{subsection.6.4.1}{\376\377\0006\000.\0004\000.\0001\000\040\000C\000U\000-\0000\0005\000\040\040\024\000\040\000I\000m\000p\000o\000r\000t\000a\000r\000\040\000m\000a\000n\000i\000f\000i\000e\000s\000t\000o\000\040\000e\000l\000e\000c\000t\000r\000\363\000n\000i\000c\000o\000\040\000\050\000X\000M\000L\000\051}{section.6.4}% 32
\BOOKMARK [2][-]{subsection.6.4.2}{\376\377\0006\000.\0004\000.\0002\000\040\000C\000U\000-\0000\0008\000\040\040\024\000\040\000P\000r\000o\000g\000r\000a\000m\000a\000r\000\040\000f\000a\000e\000n\000a\000\040\000d\000e\000\040\000d\000e\000s\000c\000o\000n\000s\000o\000l\000i\000d\000a\000d\000o}{section.6.4}% 33
\BOOKMARK [2][-]{subsection.6.4.3}{\376\377\0006\000.\0004\000.\0003\000\040\000C\000U\000-\0001\0002\000\040\040\024\000\040\000R\000e\000g\000i\000s\000t\000r\000a\000r\000\040\000d\000e\000s\000c\000o\000n\000s\000o\000l\000i\000d\000a\000d\000o\000\040\000y\000\040\000s\000e\000p\000a\000r\000a\000c\000i\000\363\000n\000\040\000p\000o\000r\000\040\000c\000l\000i\000e\000n\000t\000e}{section.6.4}% 34
\BOOKMARK [2][-]{subsection.6.4.4}{\376\377\0006\000.\0004\000.\0004\000\040\000C\000U\000-\0001\0003\000\040\040\024\000\040\000R\000e\000g\000i\000s\000t\000r\000a\000r\000\040\000i\000n\000c\000i\000d\000e\000n\000c\000i\000a}{section.6.4}% 35
\BOOKMARK [2][-]{subsection.6.4.5}{\376\377\0006\000.\0004\000.\0005\000\040\000C\000U\000-\0001\0008\000\040\040\024\000\040\000R\000e\000v\000i\000s\000a\000r\000\040\000y\000\040\000a\000p\000r\000o\000b\000a\000r\000\040\000r\000e\000p\000o\000r\000t\000e}{section.6.4}% 36
\BOOKMARK [2][-]{subsection.6.4.6}{\376\377\0006\000.\0004\000.\0006\000\040\000C\000U\000-\0002\0000\000\040\040\024\000\040\000E\000n\000v\000i\000a\000r\000\040\000r\000e\000p\000o\000r\000t\000e\000\040\000a\000l\000\040\000c\000l\000i\000e\000n\000t\000e}{section.6.4}% 37
\BOOKMARK [1][-]{section.6.5}{\376\377\0006\000.\0005\000\040\000C\000a\000s\000o\000s\000\040\000d\000e\000\040\000u\000s\000o\000\040\000p\000e\000n\000d\000i\000e\000n\000t\000e\000s\000\040\000d\000e\000\040\000e\000x\000p\000a\000n\000d\000i\000r}{chapter.6}% 38
\BOOKMARK [0][-]{chapter.7}{\376\377\0007\000\040\000D\000i\000a\000g\000r\000a\000m\000a\000s\000\040\000d\000e\000\040\000S\000e\000c\000u\000e\000n\000c\000i\000a\000\040\000y\000\040\000C\000o\000l\000a\000b\000o\000r\000a\000c\000i\000\363\000n}{}% 39
\BOOKMARK [1][-]{section.7.1}{\376\377\0007\000.\0001\000\040\000D\000i\000a\000g\000r\000a\000m\000a\000s\000\040\000d\000e\000\040\000S\000e\000c\000u\000e\000n\000c\000i\000a}{chapter.7}% 40
\BOOKMARK [2][-]{subsection.7.1.1}{\376\377\0007\000.\0001\000.\0001\000\040\000C\000U\000-\0000\0005\000\040\040\024\000\040\000I\000m\000p\000o\000r\000t\000a\000r\000\040\000m\000a\000n\000i\000f\000i\000e\000s\000t\000o\000\040\000e\000l\000e\000c\000t\000r\000\363\000n\000i\000c\000o\000\040\000\050\000X\000M\000L\000\051}{section.7.1}% 41
\BOOKMARK [2][-]{subsection.7.1.2}{\376\377\0007\000.\0001\000.\0002\000\040\000C\000U\000-\0000\0008\000\040\040\024\000\040\000P\000r\000o\000g\000r\000a\000m\000a\000r\000\040\000f\000a\000e\000n\000a\000\040\000d\000e\000\040\000d\000e\000s\000c\000o\000n\000s\000o\000l\000i\000d\000a\000d\000o}{section.7.1}% 42
\BOOKMARK [2][-]{subsection.7.1.3}{\376\377\0007\000.\0001\000.\0003\000\040\000C\000U\000-\0001\0002\000\040\040\024\000\040\000R\000e\000g\000i\000s\000t\000r\000a\000r\000\040\000d\000e\000s\000c\000o\000n\000s\000o\000l\000i\000d\000a\000d\000o\000\040\000y\000\040\000s\000e\000p\000a\000r\000a\000c\000i\000\363\000n\000\040\000p\000o\000r\000\040\000c\000l\000i\000e\000n\000t\000e\000\040\000\050\000c\000a\000s\000o\000\040\000c\000e\000n\000t\000r\000a\000l\000\051}{section.7.1}% 43
\BOOKMARK [2][-]{subsection.7.1.4}{\376\377\0007\000.\0001\000.\0004\000\040\000C\000U\000-\0001\0007\000\040\000/\000\040\000C\000U\000-\0001\0008\000\040\000/\000\040\000C\000U\000-\0001\0009\000\040\000/\000\040\000C\000U\000-\0002\0000\000\040\040\024\000\040\000G\000e\000n\000e\000r\000a\000r\000,\000\040\000r\000e\000v\000i\000s\000a\000r\000\040\000y\000\040\000e\000n\000v\000i\000a\000r\000\040\000e\000l\000\040\000r\000e\000p\000o\000r\000t\000e}{section.7.1}% 44
\BOOKMARK [1][-]{section.7.2}{\376\377\0007\000.\0002\000\040\000D\000i\000a\000g\000r\000a\000m\000a\000s\000\040\000d\000e\000\040\000C\000o\000l\000a\000b\000o\000r\000a\000c\000i\000\363\000n}{chapter.7}% 45
\BOOKMARK [2][-]{subsection.7.2.1}{\376\377\0007\000.\0002\000.\0001\000\040\000C\000U\000-\0001\0002\000\040\040\024\000\040\000R\000e\000g\000i\000s\000t\000r\000a\000r\000\040\000d\000e\000s\000c\000o\000n\000s\000o\000l\000i\000d\000a\000d\000o\000\040\000y\000\040\000s\000e\000p\000a\000r\000a\000c\000i\000\363\000n\000\040\000p\000o\000r\000\040\000c\000l\000i\000e\000n\000t\000e}{section.7.2}% 46
\BOOKMARK [2][-]{subsection.7.2.2}{\376\377\0007\000.\0002\000.\0002\000\040\000C\000U\000-\0001\0008\000\040\000/\000\040\000C\000U\000-\0002\0000\000\040\040\024\000\040\000R\000e\000v\000i\000s\000a\000r\000,\000\040\000a\000p\000r\000o\000b\000a\000r\000\040\000y\000\040\000e\000n\000v\000i\000a\000r\000\040\000e\000l\000\040\000r\000e\000p\000o\000r\000t\000e}{section.7.2}% 47
\BOOKMARK [1][-]{section.7.3}{\376\377\0007\000.\0003\000\040\000I\000n\000t\000e\000r\000a\000c\000c\000i\000o\000n\000e\000s\000\040\000p\000e\000n\000d\000i\000e\000n\000t\000e\000s\000\040\000d\000e\000\040\000m\000o\000d\000e\000l\000a\000r}{chapter.7}% 48
\BOOKMARK [0][-]{chapter.8}{\376\377\0008\000\040\000D\000i\000a\000g\000r\000a\000m\000a\000\040\000d\000e\000\040\000C\000l\000a\000s\000e\000s\000\040\000\050\000d\000e\000\040\000D\000i\000s\000e\000\361\000o\000\051}{}% 49
\BOOKMARK [1][-]{section.8.1}{\376\377\0008\000.\0001\000\040\000O\000r\000g\000a\000n\000i\000z\000a\000c\000i\000\363\000n\000\040\000e\000n\000\040\000p\000a\000q\000u\000e\000t\000e\000s}{chapter.8}% 50
\BOOKMARK [1][-]{section.8.2}{\376\377\0008\000.\0002\000\040\000D\000e\000c\000i\000s\000i\000o\000n\000e\000s\000\040\000d\000e\000\040\000d\000i\000s\000e\000\361\000o\000\040\000r\000e\000l\000e\000v\000a\000n\000t\000e\000s}{chapter.8}% 51
\BOOKMARK [1][-]{section.8.3}{\376\377\0008\000.\0003\000\040\000R\000e\000s\000t\000r\000i\000c\000c\000i\000o\000n\000e\000s\000\040\000d\000e\000\040\000i\000n\000t\000e\000g\000r\000i\000d\000a\000d\000\040\000d\000e\000l\000\040\000m\000o\000d\000e\000l\000o}{chapter.8}% 52
\BOOKMARK [0][-]{chapter.9}{\376\377\0009\000\040\000D\000i\000c\000c\000i\000o\000n\000a\000r\000i\000o\000\040\000d\000e\000\040\000C\000l\000a\000s\000e\000s}{}% 53
\BOOKMARK [1][-]{section.9.1}{\376\377\0009\000.\0001\000\040\000P\000a\000q\000u\000e\000t\000e\000\040\000\253\000S\000e\000g\000u\000r\000i\000d\000a\000d\000\040\000y\000\040\000m\000a\000e\000s\000t\000r\000o\000s\000\273}{chapter.9}% 54
\BOOKMARK [2][-]{subsection.9.1.1}{\376\377\0009\000.\0001\000.\0001\000\040\000C\000l\000a\000s\000e\000\040\000D\000e\000p\000o\000s\000i\000t\000o}{section.9.1}% 55
\BOOKMARK [2][-]{subsection.9.1.2}{\376\377\0009\000.\0001\000.\0002\000\040\000C\000l\000a\000s\000e\000\040\000U\000s\000u\000a\000r\000i\000o}{section.9.1}% 56
\BOOKMARK [2][-]{subsection.9.1.3}{\376\377\0009\000.\0001\000.\0003\000\040\000C\000l\000a\000s\000e\000\040\000R\000o\000l}{section.9.1}% 57
\BOOKMARK [2][-]{subsection.9.1.4}{\376\377\0009\000.\0001\000.\0004\000\040\000C\000l\000a\000s\000e\000\040\000P\000e\000r\000m\000i\000s\000o}{section.9.1}% 58
\BOOKMARK [2][-]{subsection.9.1.5}{\376\377\0009\000.\0001\000.\0005\000\040\000C\000l\000a\000s\000e\000\040\000C\000l\000i\000e\000n\000t\000e}{section.9.1}% 59
\BOOKMARK [2][-]{subsection.9.1.6}{\376\377\0009\000.\0001\000.\0006\000\040\000C\000l\000a\000s\000e\000\040\000T\000r\000a\000b\000a\000j\000a\000d\000o\000r}{section.9.1}% 60
\BOOKMARK [2][-]{subsection.9.1.7}{\376\377\0009\000.\0001\000.\0007\000\040\000C\000l\000a\000s\000e\000\040\000C\000u\000a\000d\000r\000i\000l\000l\000a}{section.9.1}% 61
\BOOKMARK [2][-]{subsection.9.1.8}{\376\377\0009\000.\0001\000.\0008\000\040\000C\000l\000a\000s\000e\000\040\000T\000i\000p\000o\000B\000u\000l\000t\000o}{section.9.1}% 62
\BOOKMARK [1][-]{section.9.2}{\376\377\0009\000.\0002\000\040\000P\000a\000q\000u\000e\000t\000e\000\040\000\253\000I\000n\000f\000o\000r\000m\000a\000c\000i\000\363\000n\000\040\000d\000e\000\040\000c\000a\000r\000g\000a\000\273}{chapter.9}% 63
\BOOKMARK [2][-]{subsection.9.2.1}{\376\377\0009\000.\0002\000.\0001\000\040\000C\000l\000a\000s\000e\000\040\000M\000a\000n\000i\000f\000i\000e\000s\000t\000o}{section.9.2}% 64
\BOOKMARK [2][-]{subsection.9.2.2}{\376\377\0009\000.\0002\000.\0002\000\040\000C\000l\000a\000s\000e\000\040\000C\000o\000n\000t\000e\000n\000e\000d\000o\000r}{section.9.2}% 65
\BOOKMARK [2][-]{subsection.9.2.3}{\376\377\0009\000.\0002\000.\0003\000\040\000C\000l\000a\000s\000e\000\040\000L\000i\000n\000e\000a\000C\000a\000r\000g\000a}{section.9.2}% 66
\BOOKMARK [2][-]{subsection.9.2.4}{\376\377\0009\000.\0002\000.\0004\000\040\000E\000n\000u\000m\000e\000r\000a\000c\000i\000\363\000n\000\040\000O\000r\000i\000g\000e\000n\000D\000a\000t\000o\000s}{section.9.2}% 67
\BOOKMARK [1][-]{section.9.3}{\376\377\0009\000.\0003\000\040\000P\000a\000q\000u\000e\000t\000e\000\040\000\253\000O\000p\000e\000r\000a\000c\000i\000\363\000n\000\040\000e\000n\000\040\000t\000e\000r\000r\000e\000n\000o\000\273}{chapter.9}% 68
\BOOKMARK [2][-]{subsection.9.3.1}{\376\377\0009\000.\0003\000.\0001\000\040\000C\000l\000a\000s\000e\000\040\000F\000a\000e\000n\000a}{section.9.3}% 69
\BOOKMARK [2][-]{subsection.9.3.2}{\376\377\0009\000.\0003\000.\0002\000\040\000C\000l\000a\000s\000e\000\040\000E\000t\000a\000p\000a\000F\000a\000e\000n\000a}{section.9.3}% 70
\BOOKMARK [2][-]{subsection.9.3.3}{\376\377\0009\000.\0003\000.\0003\000\040\000C\000l\000a\000s\000e\000\040\000S\000e\000l\000l\000o\000S\000e\000g\000u\000r\000i\000d\000a\000d}{section.9.3}% 71
\BOOKMARK [2][-]{subsection.9.3.4}{\376\377\0009\000.\0003\000.\0004\000\040\000C\000l\000a\000s\000e\000\040\000F\000o\000t\000o\000g\000r\000a\000f\000i\000a}{section.9.3}% 72
\BOOKMARK [2][-]{subsection.9.3.5}{\376\377\0009\000.\0003\000.\0005\000\040\000C\000l\000a\000s\000e\000\040\000I\000n\000c\000i\000d\000e\000n\000c\000i\000a}{section.9.3}% 73
\BOOKMARK [2][-]{subsection.9.3.6}{\376\377\0009\000.\0003\000.\0006\000\040\000E\000n\000u\000m\000e\000r\000a\000c\000i\000o\000n\000e\000s\000\040\000d\000e\000l\000\040\000p\000a\000q\000u\000e\000t\000e}{section.9.3}% 74
\BOOKMARK [1][-]{section.9.4}{\376\377\0009\000.\0004\000\040\000P\000a\000q\000u\000e\000t\000e\000\040\000\253\000R\000e\000p\000o\000r\000t\000e\000s\000\040\000y\000\040\000p\000u\000b\000l\000i\000c\000a\000c\000i\000\363\000n\000\273}{chapter.9}% 75
\BOOKMARK [2][-]{subsection.9.4.1}{\376\377\0009\000.\0004\000.\0001\000\040\000C\000l\000a\000s\000e\000\040\000R\000e\000p\000o\000r\000t\000e}{section.9.4}% 76
\BOOKMARK [2][-]{subsection.9.4.2}{\376\377\0009\000.\0004\000.\0002\000\040\000C\000l\000a\000s\000e\000\040\000E\000n\000v\000i\000o\000R\000e\000p\000o\000r\000t\000e}{section.9.4}% 77
\BOOKMARK [2][-]{subsection.9.4.3}{\376\377\0009\000.\0004\000.\0003\000\040\000E\000n\000u\000m\000e\000r\000a\000c\000i\000\363\000n\000\040\000E\000s\000t\000a\000d\000o\000R\000e\000p\000o\000r\000t\000e}{section.9.4}% 78
\BOOKMARK [1][-]{section.9.5}{\376\377\0009\000.\0005\000\040\000P\000a\000q\000u\000e\000t\000e\000\040\000\253\000C\000o\000n\000t\000r\000o\000l\000a\000d\000o\000r\000e\000s\000\040\000y\000\040\000s\000e\000r\000v\000i\000c\000i\000o\000s\000\273}{chapter.9}% 79
\BOOKMARK [0][-]{chapter.10}{\376\377\0001\0000\000\040\000C\000o\000n\000c\000l\000u\000s\000i\000o\000n\000e\000s}{}% 80
\BOOKMARK [0][-]{chapter*.13}{\376\377\000R\000e\000f\000e\000r\000e\000n\000c\000i\000a\000s\000\040\000b\000i\000b\000l\000i\000o\000g\000r\000\341\000f\000i\000c\000a\000s}{}% 81
\BOOKMARK [0][-]{appendix.Alph1}{\376\377\000A\000n\000e\000x\000o\000\040\000A\000\040\000T\000r\000a\000z\000a\000b\000i\000l\000i\000d\000a\000d\000\040\000e\000n\000t\000r\000e\000\040\000m\000o\000d\000e\000l\000o\000s}{}% 82
\BOOKMARK [0][-]{appendix.Alph2}{\376\377\000A\000n\000e\000x\000o\000\040\000B\000\040\000R\000e\000g\000e\000n\000e\000r\000a\000c\000i\000\363\000n\000\040\000d\000e\000\040\000l\000o\000s\000\040\000d\000i\000a\000g\000r\000a\000m\000a\000s}{}% 83
